使用 GCLogAnalysis.java 自己演练一遍串行/并行/CMS/G1的案例
~~~~
****串行GC****
D:\learning>java -XX:+UseSerialGC -Xms2g -Xmx2g -XX:+PrintGCDetails GCLogAnalysis
正在执行...
[GC (Allocation Failure) [DefNew: 559232K->69888K(629120K), 0.0556100 secs] 559232K->160710K(2027264K), 0.0559142 secs] [Times: user=0.03 sys=0.03, real=0.06 secs]
[GC (Allocation Failure) [DefNew: 629120K->69887K(629120K), 0.0618655 secs] 719942K->272324K(2027264K), 0.0621816 secs] [Times: user=0.00 sys=0.06, real=0.06 secs]
[GC (Allocation Failure) [DefNew: 629119K->69887K(629120K), 0.0544311 secs] 831556K->404598K(2027264K), 0.0547480 secs] [Times: user=0.05 sys=0.02, real=0.06 secs]
[GC (Allocation Failure) [DefNew: 629119K->69887K(629120K), 0.0480251 secs] 963830K->526053K(2027264K), 0.0483187 secs] [Times: user=0.05 sys=0.00, real=0.05 secs]
[GC (Allocation Failure) [DefNew: 629119K->69887K(629120K), 0.0502469 secs] 1085285K->655044K(2027264K), 0.0505291 secs] [Times: user=0.03 sys=0.03, real=0.05 secs]
[GC (Allocation Failure) [DefNew: 629119K->69888K(629120K), 0.0474472 secs] 1214276K->770941K(2027264K), 0.0477622 secs] [Times: user=0.05 sys=0.02, real=0.05 secs]
执行结束!共生成对象次数:12541
Heap
 def new generation   total 629120K, used 92471K [0x0000000080000000, 0x00000000aaaa0000, 0x00000000aaaa0000)
  eden space 559232K,   4% used [0x0000000080000000, 0x000000008160dc70, 0x00000000a2220000)
  from space 69888K, 100% used [0x00000000a2220000, 0x00000000a6660000, 0x00000000a6660000)
  to   space 69888K,   0% used [0x00000000a6660000, 0x00000000a6660000, 0x00000000aaaa0000)
 tenured generation   total 1398144K, used 701053K [0x00000000aaaa0000, 0x0000000100000000, 0x0000000100000000)
   the space 1398144K,  50% used [0x00000000aaaa0000, 0x00000000d573f618, 0x00000000d573f800, 0x0000000100000000)
 Metaspace       used 2623K, capacity 4486K, committed 4864K, reserved 1056768K
  class space    used 288K, capacity 386K, committed 512K, reserved 1048576K


****并行 GC****
D:\learning>java -XX:+UseParallelGC -Xms2g -Xmx2g -XX:+PrintGCDetails GCLogAnalysis
正在执行...
[GC (Allocation Failure) [PSYoungGen: 524214K->87036K(611840K)] 524214K->142888K(2010112K), 0.0265056 secs] [Times: user=0.00 sys=0.41, real=0.03 secs]
[GC (Allocation Failure) [PSYoungGen: 611836K->87030K(611840K)] 667688K->255693K(2010112K), 0.0334192 secs] [Times: user=0.13 sys=0.30, real=0.03 secs]
[GC (Allocation Failure) [PSYoungGen: 611830K->87027K(611840K)] 780493K->371628K(2010112K), 0.0286715 secs] [Times: user=0.06 sys=0.33, real=0.03 secs]
[GC (Allocation Failure) [PSYoungGen: 611827K->87037K(611840K)] 896428K->487447K(2010112K), 0.0283271 secs] [Times: user=0.23 sys=0.17, real=0.03 secs]
[GC (Allocation Failure) [PSYoungGen: 611837K->87031K(611840K)] 1012247K->600975K(2010112K), 0.0280091 secs] [Times: user=0.22 sys=0.19, real=0.03 secs]
[GC (Allocation Failure) [PSYoungGen: 611831K->87027K(323072K)] 1125775K->709108K(1721344K), 0.0276949 secs] [Times: user=0.03 sys=0.19, real=0.03 secs]
[GC (Allocation Failure) [PSYoungGen: 323059K->143115K(379392K)] 945140K->771222K(1777664K), 0.0157525 secs] [Times: user=0.20 sys=0.00, real=0.02 secs]
[GC (Allocation Failure) [PSYoungGen: 379147K->176297K(467456K)] 1007254K->811855K(1865728K), 0.0190018 secs] [Times: user=0.20 sys=0.00, real=0.02 secs]
[GC (Allocation Failure) [PSYoungGen: 410793K->177088K(465920K)] 1046351K->846174K(1864192K), 0.0217983 secs] [Times: user=0.17 sys=0.00, real=0.02 secs]
[GC (Allocation Failure) [PSYoungGen: 411584K->135110K(464384K)] 1080670K->887212K(1862656K), 0.0223189 secs] [Times: user=0.08 sys=0.13, real=0.02 secs]
执行结束!共生成对象次数:15546
Heap
 PSYoungGen      total 464384K, used 145071K [0x00000000d5580000, 0x0000000100000000, 0x0000000100000000)
  eden space 237056K, 4% used [0x00000000d5580000,0x00000000d5f3a3c8,0x00000000e3d00000)
  from space 227328K, 59% used [0x00000000f2200000,0x00000000fa5f1aa8,0x0000000100000000)
  to   space 230912K, 0% used [0x00000000e3d00000,0x00000000e3d00000,0x00000000f1e80000)
 ParOldGen       total 1398272K, used 752101K [0x0000000080000000, 0x00000000d5580000, 0x00000000d5580000)
  object space 1398272K, 53% used [0x0000000080000000,0x00000000ade79728,0x00000000d5580000)
 Metaspace       used 2623K, capacity 4486K, committed 4864K, reserved 1056768K
  class space    used 288K, capacity 386K, committed 512K, reserved 1048576K


****CMS GC****
D:\learning>java -XX:+UseConcMarkSweepGC -Xms2g -Xmx2g -XX:+PrintGCDetails GCLogAnalysis
正在执行...
[GC (Allocation Failure) [ParNew: 559232K->69888K(629120K), 0.0290903 secs] 559232K->154864K(2027264K), 0.0294798 secs] [Times: user=0.05 sys=0.33, real=0.03 secs]
[GC (Allocation Failure) [ParNew: 629120K->69888K(629120K), 0.0332845 secs] 714096K->289061K(2027264K), 0.0336199 secs] [Times: user=0.06 sys=0.34, real=0.03 secs]
[GC (Allocation Failure) [ParNew: 629120K->69888K(629120K), 0.0585917 secs] 848293K->423009K(2027264K), 0.0589513 secs] [Times: user=0.75 sys=0.06, real=0.06 secs]
[GC (Allocation Failure) [ParNew: 629120K->69888K(629120K), 0.0550372 secs] 982241K->551509K(2027264K), 0.0553269 secs] [Times: user=0.77 sys=0.05, real=0.05 secs]
[GC (Allocation Failure) [ParNew: 629120K->69888K(629120K), 0.0549061 secs] 1110741K->680117K(2027264K), 0.0552153 secs] [Times: user=0.59 sys=0.01, real=0.06 secs]
[GC (Allocation Failure) [ParNew: 629120K->69887K(629120K), 0.0505051 secs] 1239349K->792841K(2027264K), 0.0508096 secs] [Times: user=0.53 sys=0.08, real=0.05 secs]
[GC (CMS Initial Mark) [1 CMS-initial-mark: 722954K(1398144K)] 793025K(2027264K), 0.0006527 secs] [Times: user=0.00 sys=0.00, real=0.00 secs]
[CMS-concurrent-mark-start]
[CMS-concurrent-mark: 0.003/0.003 secs] [Times: user=0.06 sys=0.02, real=0.00 secs]
[CMS-concurrent-preclean-start]
[CMS-concurrent-preclean: 0.001/0.001 secs] [Times: user=0.00 sys=0.00, real=0.00 secs]
[CMS-concurrent-abortable-preclean-start]
执行结束!共生成对象次数:13306
Heap
 par new generation   total 629120K, used 290959K [0x0000000080000000, 0x00000000aaaa0000, 0x00000000aaaa0000)
  eden space 559232K,  39% used [0x0000000080000000, 0x000000008d7e40f0, 0x00000000a2220000)
  from space 69888K,  99% used [0x00000000a2220000, 0x00000000a665fd68, 0x00000000a6660000)
  to   space 69888K,   0% used [0x00000000a6660000, 0x00000000a6660000, 0x00000000aaaa0000)
 concurrent mark-sweep generation total 1398144K, used 722954K [0x00000000aaaa0000, 0x0000000100000000, 0x0000000100000000)
 Metaspace       used 2623K, capacity 4486K, committed 4864K, reserved 1056768K
  class space    used 288K, capacity 386K, committed 512K, reserved 1048576K


****G1 GC****
D:\learning>java -XX:+UseG1GC -Xms2g -Xmx2g -XX:+PrintGC GCLogAnalysis
正在执行...
[GC pause (G1 Evacuation Pause) (young) 127M->45M(2048M), 0.0074007 secs]
[GC pause (G1 Evacuation Pause) (young) 164M->82M(2048M), 0.0071752 secs]
[GC pause (G1 Evacuation Pause) (young) 194M->122M(2048M), 0.0064504 secs]
[GC pause (G1 Evacuation Pause) (young) 236M->159M(2048M), 0.0061883 secs]
[GC pause (G1 Evacuation Pause) (young) 269M->195M(2048M), 0.0065816 secs]
[GC pause (G1 Evacuation Pause) (young) 344M->236M(2048M), 0.0084699 secs]
[GC pause (G1 Evacuation Pause) (young) 420M->290M(2048M), 0.0099729 secs]
[GC pause (G1 Evacuation Pause) (young)-- 1802M->1086M(2048M), 0.0118116 secs]
[GC pause (G1 Humongous Allocation) (young) (initial-mark) 1089M->1087M(2048M), 0.0046825 secs]
[GC concurrent-root-region-scan-start]
[GC concurrent-root-region-scan-end, 0.0007805 secs]
[GC concurrent-mark-start]
[GC concurrent-mark-end, 0.0029162 secs]
[GC remark, 0.0016589 secs]
[GC cleanup 1128M->1073M(2048M), 0.0013977 secs]
[GC concurrent-cleanup-start]
[GC concurrent-cleanup-end, 0.0005259 secs]
[GC pause (G1 Evacuation Pause) (young)-- 1805M->1406M(2048M), 0.0113050 secs]
[GC pause (G1 Evacuation Pause) (mixed) 1435M->1245M(2048M), 0.0096906 secs]
执行结束!共生成对象次数:11880